
1.
$ echo "Hello world"
Hello world

2.
$ mkdir new_dir

3.
$ rmdir new_dir

4.
	valiu@LAPTOP-VJOOH72O MINGW64 ~/IH-Labs/lab-bash/lorem (master)
	$ cp sed.txt sed1.txt

	valiu@LAPTOP-VJOOH72O MINGW64 ~/IH-Labs/lab-bash/lorem (master)
	$ cd ../

	valiu@LAPTOP-VJOOH72O MINGW64 ~/IH-Labs/lab-bash (master)
	$ mv ../lab-bash/lorem/sed1.txt ../lab-bash/lorem-copy/.cp

6.
$ cat sed.txt
Sed ut perspiciatis unde omnis iste natus error sit voluptatem accusantium doloremque laudantium,
totam rem aperiam, eaque ipsa quae ab illo inventore veritatis et quasi architecto beatae vitae dicta sunt explicabo.
Nemo enim ipsam voluptatem quia voluptas sit aspernatur aut odit aut fugit,
sed quia consequuntur magni dolores eos qui ratione voluptatem sequi nesciunt.
Neque porro quisquam est, qui dolorem ipsum quia dolor sit amet, consectetur, adipisci velit,
sed quia non numquam eius modi tempora incidunt ut labore et dolore magnam aliquam quaerat voluptatem.
Ut enim ad minima veniam, quis nostrum exercitationem ullam corporis suscipit laboriosam,
nisi ut aliquid ex ea commodi consequatur? Quis autem vel eum iure reprehenderit qui in ea voluptate velit esse quam nihil molestiae consequatur,
vel illum qui dolorem eum fugiat quo voluptas nulla pariatur?Homo homini lupus

7.
$ cat at.txt lorem.txt
At vero eos ET accusamus ET iusto odio dignissimos ducimus qui blanditiis praesentium voluptatum
deleniti atque corrupti quos dolores ET quas molestias excepturi sint occaecati cupiditate non
provident, similique sunt in culpa qui officia deserunt mollitia animi, id est laborum ET dolorum fuga.
Et harum quidem rerum facilis est ET expedita distinctio.
Nam libero tempore, cum soluta nobis est eligendi optio cumque nihil impedit quo minus id quod
maxime placeat facere possimus, omnis voluptas assumenda est, omnis dolor repellendus.
Temporibus autem quibusdam ET aut officiis debitis aut rerum necessitatibus saepe eveniET
ut ET voluptates repudiandae sint ET molestiae non recusandae.
Itaque earum rerum hic tenETur a sapiente delectus, ut aut reiciendis voluptatibus maiores
alias consequatur aut perferendis doloribus asperiores repellat
Lorem ipsum dolor sit amet, consectetur adipiscing elit, sed do eiusmod tempor incididunt ut labore et dolore magna aliqua.
Ut enim ad minim veniam, quis nostrud exercitation ullamco laboris nisi ut aliquip ex ea commodo consequat.
Duis aute irure dolor in reprehenderit in voluptate velit esse cillum dolore eu fugiat nulla pariatur.
Excepteur sint occaecat cupidatat non proident, sunt in culpa qui officia deserunt mollit anim id est laborum.

8.
valiu@LAPTOP-VJOOH72O MINGW64 ~/IH-labs/lab-bash/lorem-copy (master)
$ head -3 sed.txt
Sed ut perspiciatis unde omnis iste natus error sit voluptatem accusantium doloremque laudantium,
totam rem aperiam, eaque ipsa quae ab illo inventore veritatis et quasi architecto beatae vitae dicta sunt explicabo.
Nemo enim ipsam voluptatem quia voluptas sit aspernatur aut odit aut fugit,

9.
valiu@LAPTOP-VJOOH72O MINGW64 ~/IH-labs/lab-bash/lorem-copy (master)
$ tail -3 sed.txt
Ut enim ad minima veniam, quis nostrum exercitationem ullam corporis suscipit laboriosam,
nisi ut aliquid ex ea commodi consequatur? Quis autem vel eum iure reprehenderit qui in ea voluptate velit esse quam nihil molestiae consequatur,
vel illum qui dolorem eum fugiat quo voluptas nulla pariatur?Homo homini lupus

10.
valiu@LAPTOP-VJOOH72O MINGW64 ~/IH-labs/lab-bash/lorem-copy (master)
$ echo "Homo homini lupus." >> sed.txt

11.
valiu@LAPTOP-VJOOH72O MINGW64 ~/IH-labs/lab-bash/lorem-copy (master)
$ tail -3 sed.txt
nisi ut aliquid ex ea commodi consequatur? Quis autem vel eum iure reprehenderit qui in ea voluptate velit esse quam nihil molestiae consequatur,
vel illum qui dolorem eum fugiat quo voluptas nulla pariatur?Homo homini lupus
Homo homini lupus.

12.
valiu@LAPTOP-VJOOH72O MINGW64 ~/IH-labs/lab-bash/lorem (master)
$ sed -i 's/et/ET/g' at.txt

valiu@LAPTOP-VJOOH72O MINGW64 ~/IH-labs/lab-bash/lorem (master)
$ cat at.txt
At vero eos ET accusamus ET iusto odio dignissimos ducimus qui blanditiis praesentium voluptatum
deleniti atque corrupti quos dolores ET quas molestias excepturi sint occaecati cupiditate non
provident, similique sunt in culpa qui officia deserunt mollitia animi, id est laborum ET dolorum fuga.
Et harum quidem rerum facilis est ET expedita distinctio.
Nam libero tempore, cum soluta nobis est eligendi optio cumque nihil impedit quo minus id quod
maxime placeat facere possimus, omnis voluptas assumenda est, omnis dolor repellendus.
Temporibus autem quibusdam ET aut officiis debitis aut rerum necessitatibus saepe eveniET
ut ET voluptates repudiandae sint ET molestiae non recusandae.
Itaque earum rerum hic tenETur a sapiente delectus, ut aut reiciendis voluptatibus maiores
alias consequatur aut perferendis doloribus asperiores repellat



13.
valiu@LAPTOP-VJOOH72O MINGW64 ~/IH-labs/lab-bash/lorem (master)
$ whoami
valiu

14.

valiu@LAPTOP-VJOOH72O MINGW64 ~/IH-labs/lab-bash/lorem (master)
$ pwd
/c/Users/valiu/IH-labs/lab-bash/lorem

15.

valiu@LAPTOP-VJOOH72O MINGW64 ~/IH-labs/lab-bash/lorem (master)
$ git ls-files *.txt
at.txt
lorem.txt
sed.txt

16.
valiu@LAPTOP-VJOOH72O MINGW64 ~/IH-labs/lab-bash/lorem (master)
$ cat sed.txt | wc -l
9

17.
valiu@LAPTOP-VJOOH72O MINGW64 ~/IH-labs/lab-bash (master)
$ ls *lorem* | wc -l
10





